[root@lvm vagrant]# pvcreate /dev/sdb
  Physical volume "/dev/sdb" successfully created.
[root@lvm vagrant]# vgextend VolGroup00 /dev/sdb
  Volume group "VolGroup00" successfully extended
[root@lvm vagrant]# lvcreate -n LogVol_Home -L 2G /dev/VolGroup00
  Logical volume "LogVol_Home" created.
[root@lvm vagrant]# mkfs.ext4 /dev/VolGroup00/LogVol_Home
mke2fs 1.42.9 (28-Dec-2013)
Filesystem label=
OS type: Linux
Block size=4096 (log=2)
Fragment size=4096 (log=2)
Stride=0 blocks, Stripe width=0 blocks
131072 inodes, 524288 blocks
26214 blocks (5.00%) reserved for the super user
First data block=0
Maximum filesystem blocks=536870912
16 block groups
32768 blocks per group, 32768 fragments per group
8192 inodes per group
Superblock backups stored on blocks: 
	32768, 98304, 163840, 229376, 294912

Allocating group tables: done                            
Writing inode tables: done                            
Creating journal (16384 blocks): done
Writing superblocks and filesystem accounting information: done 

[root@lvm vagrant]# mount /dev/VolGroup00/LogVol_Home /mnt/
[root@lvm vagrant]# cp -aR /home/* /mnt/
[root@lvm vagrant]# rm -rf /home/*
[root@lvm vagrant]# umount /mnt
[root@lvm vagrant]# mount /dev/VolGroup00/LogVol_Home /home/
[root@lvm vagrant]# ls /home/
lost+found  vagrant
[root@lvm vagrant]# echo "`blkid | grep Home | awk '{print $2}'` /home ext4 defaults 0 0" >> /etc/fstab
[root@lvm vagrant]# cat /etc/fstab 

#
# /etc/fstab
# Created by anaconda on Sat May 12 18:50:26 2018
#
# Accessible filesystems, by reference, are maintained under '/dev/disk'
# See man pages fstab(5), findfs(8), mount(8) and/or blkid(8) for more info
#
/dev/mapper/VolGroup00-LogVol00 /                       xfs     defaults        0 0
UUID=570897ca-e759-4c81-90cf-389da6eee4cc /boot                   xfs     defaults        0 0
/dev/mapper/VolGroup00-LogVol01 swap                    swap    defaults        0 0
#VAGRANT-BEGIN
# The contents below are automatically generated by Vagrant. Do not modify.
#VAGRANT-END
UUID="24bc06d3-68e9-4664-a35a-fc8fe9060900" /home ext4 defaults 0 0
[root@lvm vagrant]# touch /home/file{1..20}
[root@lvm vagrant]# ls /home/
file1   file11  file13  file15  file17  file19  file20  file4  file6  file8  lost+found
file10  file12  file14  file16  file18  file2   file3   file5  file7  file9  vagrant
[root@lvm vagrant]# lvcreate -L 100MB -s -n home_snap /dev/VolGroup00/LogVol_Home
  Rounding up size to full physical extent 128.00 MiB
  Logical volume "home_snap" created.
[root@lvm vagrant]# rm -f /home/file{11..20}
[root@lvm vagrant]# ls /home/
file1  file10  file2  file3  file4  file5  file6  file7  file8  file9  lost+found  vagrant
[root@lvm vagrant]# umount /home/
[root@lvm vagrant]# lvconvert --merge /dev/VolGroup00/home_snap
  Merging of volume VolGroup00/home_snap started.
  VolGroup00/LogVol_Home: Merged: 100.00%
[root@lvm vagrant]# mount /home/
[root@lvm vagrant]# ls /home/
file1   file11  file13  file15  file17  file19  file20  file4  file6  file8  lost+found
file10  file12  file14  file16  file18  file2   file3   file5  file7  file9  vagrant
[root@lvm vagrant]# 