[root@lvm vagrant]# lsblk
NAME                    MAJ:MIN RM  SIZE RO TYPE MOUNTPOINT
sda                       8:0    0   40G  0 disk 
├─sda1                    8:1    0    1M  0 part 
├─sda2                    8:2    0    1G  0 part /boot
└─sda3                    8:3    0   39G  0 part 
  ├─VolGroup00-LogVol00 253:0    0 37.5G  0 lvm  /
  └─VolGroup00-LogVol01 253:1    0  1.5G  0 lvm  [SWAP]
sdb                       8:16   0   10G  0 disk 
sdc                       8:32   0    2G  0 disk 
sdd                       8:48   0    1G  0 disk 
sde                       8:64   0    1G  0 disk 
[root@lvm vagrant]# pvcreate /dev/sdb
  Physical volume "/dev/sdb" successfully created.
[root@lvm vagrant]# vgextend VolGroup00 /dev/sdb
  Volume group "VolGroup00" successfully extended
[root@lvm vagrant]# lvs
  LV       VG         Attr       LSize   Pool Origin Data%  Meta%  Move Log Cpy%Sync Convert
  LogVol00 VolGroup00 -wi-ao---- <37.47g                                                    
  LogVol01 VolGroup00 -wi-ao----   1.50g                                                    
[root@lvm vagrant]# lvcreate -l+100%FREE -n root VolGroup00 
  Logical volume "root" created.
[root@lvm vagrant]# lvs
  LV       VG         Attr       LSize   Pool Origin Data%  Meta%  Move Log Cpy%Sync Convert
  LogVol00 VolGroup00 -wi-ao---- <37.47g                                                    
  LogVol01 VolGroup00 -wi-ao----   1.50g                                                    
  root     VolGroup00 -wi-a-----  <9.97g                                                    
[root@lvm vagrant]# mkfs.xfs /dev/VolGroup00/root 
meta-data=/dev/VolGroup00/root   isize=512    agcount=4, agsize=653312 blks
         =                       sectsz=512   attr=2, projid32bit=1
         =                       crc=1        finobt=0, sparse=0
data     =                       bsize=4096   blocks=2613248, imaxpct=25
         =                       sunit=0      swidth=0 blks
naming   =version 2              bsize=4096   ascii-ci=0 ftype=1
log      =internal log           bsize=4096   blocks=2560, version=2
         =                       sectsz=512   sunit=0 blks, lazy-count=1
realtime =none                   extsz=4096   blocks=0, rtextents=0
[root@lvm vagrant]# mkdir /mnt/root
[root@lvm vagrant]# mount /dev/VolGroup00/root /mnt/root/
[root@lvm vagrant]# xfsdump -l 0 -L "root backup" -M "backup" -f /tmp/root.img /
xfsdump: using file dump (drive_simple) strategy
xfsdump: version 3.1.7 (dump format 3.0) - type ^C for status and control
xfsdump: level 0 dump of lvm:/
xfsdump: dump date: Mon Jul 17 13:51:52 2023
xfsdump: session id: 7a0cb451-9c8c-4b4c-8bde-3c5afd52dd3c
xfsdump: session label: "root backup"
xfsdump: ino map phase 1: constructing initial dump list
xfsdump: ino map phase 2: skipping (no pruning necessary)
xfsdump: ino map phase 3: skipping (only one dump stream)
xfsdump: ino map construction complete
xfsdump: estimated dump size: 867452480 bytes
xfsdump: /var/lib/xfsdump/inventory created
xfsdump: creating dump session media file 0 (media 0, file 0)
xfsdump: dumping ino map
xfsdump: dumping directories
xfsdump: dumping non-directory files
xfsdump: ending media file
xfsdump: media file size 1360610488 bytes
xfsdump: dump size (non-dir files) : 1347346472 bytes
xfsdump: dump complete: 18 seconds elapsed
xfsdump: Dump Summary:
xfsdump:   stream 0 /tmp/root.img OK (success)
xfsdump: Dump Status: SUCCESS
[root@lvm vagrant]# xfsrestore -f /tmp/root.img /mnt/root/
xfsrestore: using file dump (drive_simple) strategy
xfsrestore: version 3.1.7 (dump format 3.0) - type ^C for status and control
xfsrestore: searching media for dump
xfsrestore: examining media file 0
xfsrestore: dump description: 
xfsrestore: hostname: lvm
xfsrestore: mount point: /
xfsrestore: volume: /dev/mapper/VolGroup00-LogVol00
xfsrestore: session time: Mon Jul 17 13:51:52 2023
xfsrestore: level: 0
xfsrestore: session label: "root backup"
xfsrestore: media label: "backup"
xfsrestore: file system id: b60e9498-0baa-4d9f-90aa-069048217fee
xfsrestore: session id: 7a0cb451-9c8c-4b4c-8bde-3c5afd52dd3c
xfsrestore: media id: 5ed427f0-0da1-44e2-8a59-7568e30e0b14
xfsrestore: using online session inventory
xfsrestore: searching media for directory dump
xfsrestore: reading directories
xfsrestore: 2738 directories and 23757 entries processed
xfsrestore: directory post-processing
xfsrestore: restoring non-directory files
xfsrestore: restore complete: 10 seconds elapsed
xfsrestore: Restore Summary:
xfsrestore:   stream 0 /tmp/root.img OK (success)
xfsrestore: Restore Status: SUCCESS
[root@lvm vagrant]# ls /mnt/root/
bin  boot  dev  etc  home  lib  lib64  media  mnt  opt  proc  root  run  sbin  srv  sys  tmp  usr  vagrant  var
[root@lvm vagrant]# nano /mnt/root/etc/fstab 
[root@lvm vagrant]# cat /mnt/root/etc/fstab 

#
# /etc/fstab
# Created by anaconda on Sat May 12 18:50:26 2018
#
# Accessible filesystems, by reference, are maintained under '/dev/disk'
# See man pages fstab(5), findfs(8), mount(8) and/or blkid(8) for more info
#
/dev/mapper/VolGroup00-root /                       xfs     defaults        0 0
UUID=570897ca-e759-4c81-90cf-389da6eee4cc /boot                   xfs     defaults        0 0
/dev/mapper/VolGroup00-LogVol01 swap                    swap    defaults        0 0
#VAGRANT-BEGIN
# The contents below are automatically generated by Vagrant. Do not modify.
#VAGRANT-END
[root@lvm vagrant]# cp /boot/grub2/grub.cfg /boot/grub2/grub.cfg.orig
[root@lvm vagrant]# lsblk -o name,size,uuid
NAME                     SIZE UUID
sda                       40G 
├─sda1                     1M 
├─sda2                     1G 570897ca-e759-4c81-90cf-389da6eee4cc
└─sda3                    39G vrrtbx-g480-HcJI-5wLn-4aOf-Olld-rC03AY
  ├─VolGroup00-LogVol00 37.5G b60e9498-0baa-4d9f-90aa-069048217fee
  └─VolGroup00-LogVol01  1.5G c39c5bed-f37c-4263-bee8-aeb6a6659d7b
sdb                       10G 89UAkB-iK2l-9Z1o-euwb-QZBf-oLOS-4Ec1ae
└─VolGroup00-root         10G dce20bb8-6687-44dd-aaf6-48d458e68115
sdc                        2G 
sdd                        1G 
sde                        1G 
[root@lvm vagrant]# nano /boot/grub2/grub.cfg
[root@lvm vagrant]# reboot

[root@lvm vagrant]# lsblk
NAME                    MAJ:MIN RM  SIZE RO TYPE MOUNTPOINT
sda                       8:0    0   40G  0 disk 
├─sda1                    8:1    0    1M  0 part 
├─sda2                    8:2    0    1G  0 part /boot
└─sda3                    8:3    0   39G  0 part 
  ├─VolGroup00-LogVol01 253:1    0  1.5G  0 lvm  [SWAP]
  └─VolGroup00-LogVol00 253:2    0 37.5G  0 lvm  
sdb                       8:16   0   10G  0 disk 
└─VolGroup00-root       253:0    0   10G  0 lvm  /
sdc                       8:32   0    2G  0 disk 
sdd                     [root@lvm vagrant]# lvreduce -L 8G /dev/VolGroup00/LogVol00
  WARNING: Reducing active logical volume to 8.00 GiB.
  THIS MAY DESTROY YOUR DATA (filesystem etc.)
Do you really want to reduce VolGroup00/LogVol00? [y/n]: y
  Size of logical volume VolGroup00/LogVol00 changed from <37.47 GiB (1199 extents) to 8.00 GiB (256 extents).
  Logical volume VolGroup00/LogVol00 successfully resized.
[root@lvm vagrant]# lvs
  LV       VG         Attr       LSize  Pool Origin Data%  Meta%  Move Log Cpy%Sync Convert
  LogVol00 VolGroup00 -wi-a-----  8.00g                                                    
  LogVol01 VolGroup00 -wi-ao----  1.50g                                                    
  root     VolGroup00 -wi-ao---- <9.97g                                                    
[root@lvm vagrant]# mkfs.xfs /dev/VolGroup00/LogVol00 -f
meta-data=/dev/VolGroup00/LogVol00 isize=512    agcount=4, agsize=524288 blks
         =                       sectsz=512   attr=2, projid32bit=1
         =                       crc=1        finobt=0, sparse=0
data     =                       bsize=4096   blocks=2097152, imaxpct=25
         =                       sunit=0      swidth=0 blks
naming   =version 2              bsize=4096   ascii-ci=0 ftype=1
log      =internal log           bsize=4096   blocks=2560, version=2
         =                       sectsz=512   sunit=0 blks, lazy-count=1
realtime =none                   extsz=4096   blocks=0, rtextents=0  8:48   0    1G  0 disk 
sde                       8:64   0    1G  0 disk 

[root@lvm vagrant]# df -h
Filesystem                   Size  Used Avail Use% Mounted on
/dev/mapper/VolGroup00-root   10G  1.4G  8.7G  14% /
devtmpfs                     109M     0  109M   0% /dev
tmpfs                        118M     0  118M   0% /dev/shm
tmpfs                        118M  4.5M  114M   4% /run
tmpfs                        118M     0  118M   0% /sys/fs/cgroup
/dev/sda2                   1014M   63M  952M   7% /boot
tmpfs                         24M     0   24M   0% /run/user/1000

[root@lvm vagrant]# xfsdump -l 0 -L "root backup" -M "backup" -f /tmp/rootbackup.img /
xfsdump: using file dump (drive_simple) strategy
xfsdump: version 3.1.7 (dump format 3.0) - type ^C for status and control
xfsdump: level 0 dump of lvm:/
xfsdump: dump date: Mon Jul 17 14:22:40 2023
xfsdump: session id: 2d190a4a-010b-457f-98d5-bf6730a0c5ad
xfsdump: session label: "root backup"
xfsdump: ino map phase 1: constructing initial dump list
xfsdump: ino map phase 2: skipping (no pruning necessary)
xfsdump: ino map phase 3: skipping (only one dump stream)
xfsdump: ino map construction complete
xfsdump: estimated dump size: 1382146112 bytes
xfsdump: creating dump session media file 0 (media 0, file 0)
xfsdump: dumping ino map
xfsdump: dumping directories
xfsdump: dumping non-directory files
xfsdump: ending media file
xfsdump: media file size 1858229376 bytes
xfsdump: dump size (non-dir files) : 1844953992 bytes
xfsdump: dump complete: 18 seconds elapsed
xfsdump: Dump Summary:
xfsdump:   stream 0 /tmp/rootbackup.img OK (success)
xfsdump: Dump Status: SUCCESS

[root@lvm vagrant]# mount /dev/VolGroup00/LogVol00 /mnt/root

[root@lvm vagrant]# xfsrestore /tmp/rootbackup.img /mnt/root -f
xfsrestore: using file dump (drive_simple) strategy
xfsrestore: version 3.1.7 (dump format 3.0) - type ^C for status and control
xfsrestore: searching media for dump
xfsrestore: examining media file 0
xfsrestore: dump description: 
xfsrestore: hostname: lvm
xfsrestore: mount point: /
xfsrestore: volume: /dev/mapper/VolGroup00-root
xfsrestore: session time: Mon Jul 17 14:22:40 2023
xfsrestore: level: 0
xfsrestore: session label: "root backup"
xfsrestore: media label: "backup"
xfsrestore: file system id: dce20bb8-6687-44dd-aaf6-48d458e68115
xfsrestore: session id: 2d190a4a-010b-457f-98d5-bf6730a0c5ad
xfsrestore: media id: 150376e1-3387-4273-ae61-e0dbd290f2a7
xfsrestore: using online session inventory
xfsrestore: searching media for directory dump
xfsrestore: reading directories
xfsrestore: 2742 directories and 23761 entries processed
xfsrestore: directory post-processing
xfsrestore: restoring non-directory files
xfsrestore: restore complete: 14 seconds elapsed
xfsrestore: Restore Summary:
xfsrestore:   stream 0 /tmp/rootbackup.img OK (success)
xfsrestore: Restore Status: SUCCESS

[root@lvm vagrant]# nano /mnt/root/etc/fstab 
[root@lvm vagrant]# cat /mnt/root/etc/fstab 

#
# /etc/fstab
# Created by anaconda on Sat May 12 18:50:26 2018
#
# Accessible filesystems, by reference, are maintained under '/dev/disk'
# See man pages fstab(5), findfs(8), mount(8) and/or blkid(8) for more info
#
/dev/mapper/VolGroup00-LogVol00 /                       xfs     defaults        0 0
UUID=570897ca-e759-4c81-90cf-389da6eee4cc /boot                   xfs     defaults        0 0
/dev/mapper/VolGroup00-LogVol01 swap                    swap    defaults        0 0
#VAGRANT-BEGIN
# The contents below are automatically generated by Vagrant. Do not modify.
#VAGRANT-END
[root@lvm vagrant]# cp /boot/grub2/grub.cfg.orig /boot/grub2/grub.cfg
cp: overwrite ‘/boot/grub2/grub.cfg’? y
[root@lvm vagrant]# reboot

[root@lvm vagrant]# lsblk
NAME                    MAJ:MIN RM  SIZE RO TYPE MOUNTPOINT
sda                       8:0    0   40G  0 disk 
├─sda1                    8:1    0    1M  0 part 
├─sda2                    8:2    0    1G  0 part /boot
└─sda3                    8:3    0   39G  0 part 
  ├─VolGroup00-LogVol00 253:0    0    8G  0 lvm  /
  └─VolGroup00-LogVol01 253:1    0  1.5G  0 lvm  [SWAP]
sdb                       8:16   0   10G  0 disk 
└─VolGroup00-root       253:2    0   10G  0 lvm  
sdc                       8:32   0    2G  0 disk 
sdd                       8:48   0    1G  0 disk 
sde                       8:64   0    1G  0 disk 
[root@lvm vagrant]# df -h
Filesystem                       Size  Used Avail Use% Mounted on
/dev/mapper/VolGroup00-LogVol00  8.0G  1.8G  6.3G  23% /
devtmpfs                         109M     0  109M   0% /dev
tmpfs                            118M     0  118M   0% /dev/shm
tmpfs                            118M  4.5M  114M   4% /run
tmpfs                            118M     0  118M   0% /sys/fs/cgroup
/dev/sda2                       1014M   63M  952M   7% /boot
tmpfs                             24M     0   24M   0% /run/user/1000
[root@lvm vagrant]# lvs
  LV       VG         Attr       LSize  Pool Origin Data%  Meta%  Move Log Cpy%Sync Convert
  LogVol00 VolGroup00 -wi-ao----  8.00g                                                    
  LogVol01 VolGroup00 -wi-ao----  1.50g                                                    
  root     VolGroup00 -wi-a----- <9.97g                                                    
[root@lvm vagrant]# 
